// Jest Snapshot v1, https://goo.gl/fbAQLP

exports[`The <ProductStream /> component renders a list of Product tiles for each product passed to it 1`] = `
<DocumentFragment>
  <div
    class="sc-AxheI eOAkpz"
  >
    <div
      class="sc-AxjAm iPShpD"
      data-testid="ProductTile"
    >
      <div
        class="sc-AxirZ fUTalh"
      >
        <img
          class="sc-AxiKw cShrNR"
          src="https://testingreact-api.herokuapp.comimage.png"
        />
      </div>
      <div
        class="sc-AxgMl dtvmCV"
      >
        <div
          class="sc-AxhCb iMwhLL"
        />
        <div
          class="sc-AxhUy dqKFMC"
        >
          from $12.99
        </div>
      </div>
    </div>
    <div
      class="sc-AxjAm iPShpD"
      data-testid="ProductTile"
    >
      <div
        class="sc-AxirZ fUTalh"
      >
        <img
          class="sc-AxiKw cShrNR"
          src="https://testingreact-api.herokuapp.comimage-1.png"
        />
      </div>
      <div
        class="sc-AxgMl dtvmCV"
      >
        <div
          class="sc-AxhCb iMwhLL"
        />
        <div
          class="sc-AxhUy dqKFMC"
        >
          from $42.99
        </div>
      </div>
    </div>
  </div>
</DocumentFragment>
`;
